[00:44:16] [main/INFO] (FabricLoader/GameProvider) Loading Minecraft 1.21.7 with Fabric Loader 0.16.14
[00:44:17] [main/INFO] (FabricLoader) Loading 52 mods:
	- fabric-api 0.129.0+1.21.7
	- fabric-api-base 0.4.64+9ec45cd808
	- fabric-api-lookup-api-v1 1.6.100+946bf4c36c
	- fabric-biome-api-v1 16.0.11+946bf4c36c
	- fabric-block-api-v1 1.1.3+946bf4c36c
	- fabric-block-view-api-v2 1.0.31+946bf4c36c
	- fabric-client-gametest-api-v1 4.2.5+8a98c3fc6c
	- fabric-command-api-v2 2.2.53+946bf4c36c
	- fabric-content-registries-v0 10.0.18+946bf4c36c
	- fabric-convention-tags-v1 2.1.40+7f945d5b6c
	- fabric-convention-tags-v2 2.15.5+eb5df52f6c
	- fabric-crash-report-info-v1 0.3.15+946bf4c36c
	- fabric-data-attachment-api-v1 1.8.10+946bf4c36c
	- fabric-data-generation-api-v1 23.2.4+55e55d296c
	- fabric-dimensions-v1 4.0.19+946bf4c36c
	- fabric-entity-events-v1 2.1.1+c9e472736c
	- fabric-events-interaction-v0 4.0.23+946bf4c36c
	- fabric-game-rule-api-v1 1.0.73+c64c9c5b6c
	- fabric-gametest-api-v1 3.1.9+39ce47f56c
	- fabric-item-api-v1 11.4.3+946bf4c36c
	- fabric-item-group-api-v1 4.2.13+946bf4c36c
	- fabric-key-binding-api-v1 1.0.65+946bf4c36c
	- fabric-lifecycle-events-v1 2.6.3+db4dfd856c
	- fabric-loot-api-v2 3.0.55+3f89f5a56c
	- fabric-loot-api-v3 2.0.2+946bf4c36c
	- fabric-message-api-v1 6.1.1+946bf4c36c
	- fabric-model-loading-api-v1 5.2.5+946bf4c36c
	- fabric-networking-api-v1 5.0.1+946bf4c308
	- fabric-object-builder-api-v1 21.1.7+946bf4c36c
	- fabric-particles-v1 4.1.7+946bf4c36c
	- fabric-recipe-api-v1 8.1.14+946bf4c36c
	- fabric-registry-sync-v0 6.1.27+946bf4c36c
	- fabric-renderer-api-v1 7.0.2+946bf4c36c
	- fabric-renderer-indigo 4.0.2+946bf4c36c
	- fabric-rendering-fluids-v1 3.1.30+fa6cb72b6c
	- fabric-rendering-v1 12.4.0+e8d43c766c
	- fabric-resource-conditions-api-v1 5.0.24+946bf4c36c
	- fabric-resource-loader-v0 3.1.11+946bf4c308
	- fabric-screen-api-v1 2.1.0+277ecf7d6c
	- fabric-screen-handler-api-v1 1.3.136+946bf4c36c
	- fabric-sound-api-v1 1.0.42+946bf4c36c
	- fabric-tag-api-v1 1.2.1+946bf4c36c
	- fabric-transfer-api-v1 6.0.5+946bf4c36c
	- fabric-transitive-access-wideners-v1 6.4.1+ac3e15d16c
	- fabricloader 0.16.14
	- java 21
	- litematica 0.23.1
	- malilib 0.25.1
	- minecraft 1.21.7
	- mixinextras 0.4.1
	- mm 2.3
	- tweakerxihe 1.0-SNAPSHOT
[00:44:17] [main/INFO] (FabricLoader/Mixin) SpongePowered MIXIN Subsystem Version=0.8.7 Source=file:/D:/Program%20Files/gradle-8.9/caches/modules-2/files-2.1/net.fabricmc/sponge-mixin/0.15.5+mixin.0.8.7/22f9eb729e216a091673a574a5906dc1b9027fb3/sponge-mixin-0.15.5+mixin.0.8.7.jar Service=Knot/Fabric Env=CLIENT
[00:44:17] [main/INFO] (FabricLoader/Mixin) Loaded Fabric development mappings for mixin remapper!
[00:44:17] [main/INFO] (FabricLoader/Mixin) Compatibility level set to JAVA_21
[00:44:18] [main/INFO] (FabricLoader/MixinExtras|Service) Initializing MixinExtras via com.llamalad7.mixinextras.service.MixinExtrasServiceImpl(version=0.4.1).
[00:44:19] [Datafixer Bootstrap/INFO] (Minecraft) 269 Datafixer optimizations took 407 milliseconds
[00:44:24] [main/INFO] (malilib) Sodium: [N/F], Iris: [N/F]
[00:44:24] [Render thread/INFO] (Minecraft) Environment: Environment[sessionHost=https://sessionserver.mojang.com, servicesHost=https://api.minecraftservices.com, name=PROD]
[00:44:24] [Render thread/INFO] (Minecraft) Setting user: Player302
[00:44:24] [Render thread/INFO] (MM) Definitely not up to no good
[00:44:24] [Render thread/INFO] (Indigo) [Indigo] Registering Indigo renderer!
[00:44:25] [Render thread/INFO] (Minecraft) Backend library: LWJGL version 3.3.3-snapshot
[00:44:25] [Render thread/INFO] (Minecraft) Using optional rendering extensions: GL_ARB_buffer_storage, GL_KHR_debug, GL_ARB_vertex_attrib_binding, GL_ARB_direct_state_access
[00:44:26] [Render thread/INFO] (Minecraft) Reloading ResourceManager: vanilla, fabric, fabric-api, fabric-api-base, fabric-api-lookup-api-v1, fabric-biome-api-v1, fabric-block-api-v1, fabric-block-view-api-v2, fabric-client-gametest-api-v1, fabric-command-api-v2, fabric-content-registries-v0, fabric-convention-tags-v1, fabric-convention-tags-v2, fabric-crash-report-info-v1, fabric-data-attachment-api-v1, fabric-data-generation-api-v1, fabric-dimensions-v1, fabric-entity-events-v1, fabric-events-interaction-v0, fabric-game-rule-api-v1, fabric-gametest-api-v1, fabric-item-api-v1, fabric-item-group-api-v1, fabric-key-binding-api-v1, fabric-lifecycle-events-v1, fabric-loot-api-v2, fabric-loot-api-v3, fabric-message-api-v1, fabric-model-loading-api-v1, fabric-networking-api-v1, fabric-object-builder-api-v1, fabric-particles-v1, fabric-recipe-api-v1, fabric-registry-sync-v0, fabric-renderer-api-v1, fabric-renderer-indigo, fabric-rendering-fluids-v1, fabric-rendering-v1, fabric-resource-conditions-api-v1, fabric-resource-loader-v0, fabric-screen-api-v1, fabric-screen-handler-api-v1, fabric-sound-api-v1, fabric-tag-api-v1, fabric-transfer-api-v1, fabric-transitive-access-wideners-v1, fabricloader, litematica, malilib, mm
[00:44:26] [Worker-Main-2/INFO] (Minecraft) Found unifont_jp_patch-16.0.03.hex, loading
[00:44:26] [Worker-Main-9/INFO] (Minecraft) Found unifont_all_no_pua-16.0.03.hex, loading
[00:44:26] [Worker-Main-10/INFO] (Minecraft) Found unifont_pua-16.0.03.hex, loading
[00:44:27] [Render thread/INFO] (Minecraft) OpenAL initialized on device OpenAL Soft on VoiceMeeter Aux Input (VB-Audio VoiceMeeter AUX VAIO)
[00:44:27] [Render thread/INFO] (Minecraft) Sound engine started
[00:44:27] [Render thread/INFO] (Minecraft) Created: 1024x512x4 minecraft:textures/atlas/blocks.png-atlas
[00:44:27] [Render thread/INFO] (Minecraft) Created: 256x256x4 minecraft:textures/atlas/signs.png-atlas
[00:44:27] [Render thread/INFO] (Minecraft) Created: 512x512x4 minecraft:textures/atlas/banner_patterns.png-atlas
[00:44:27] [Render thread/INFO] (Minecraft) Created: 512x512x4 minecraft:textures/atlas/shield_patterns.png-atlas
[00:44:27] [Render thread/INFO] (Minecraft) Created: 2048x1024x4 minecraft:textures/atlas/armor_trims.png-atlas
[00:44:27] [Render thread/INFO] (Minecraft) Created: 256x256x4 minecraft:textures/atlas/chest.png-atlas
[00:44:27] [Render thread/INFO] (Minecraft) Created: 128x64x4 minecraft:textures/atlas/decorated_pot.png-atlas
[00:44:27] [Render thread/INFO] (Minecraft) Created: 512x256x4 minecraft:textures/atlas/beds.png-atlas
[00:44:27] [Render thread/INFO] (Minecraft) Created: 512x256x4 minecraft:textures/atlas/shulker_boxes.png-atlas
[00:44:27] [Render thread/INFO] (Minecraft) Created: 64x64x0 minecraft:textures/atlas/map_decorations.png-atlas
[00:44:27] [Render thread/INFO] (Minecraft) Created: 512x256x0 minecraft:textures/atlas/particles.png-atlas
[00:44:27] [Render thread/INFO] (Minecraft) Created: 512x256x0 minecraft:textures/atlas/paintings.png-atlas
[00:44:27] [Render thread/INFO] (Minecraft) Created: 1024x512x0 minecraft:textures/atlas/gui.png-atlas
[00:44:31] [Render thread/INFO] (Minecraft) Loaded 1407 recipes
[00:44:31] [Render thread/INFO] (Minecraft) Loaded 1520 advancements
[00:44:31] [Render thread/INFO] (BiomeModificationImpl) Applied 0 biome modifications to 0 of 65 new biomes in 1.072 ms
[00:44:31] [Server thread/INFO] (Minecraft) Starting integrated minecraft server version 1.21.7
[00:44:31] [Server thread/INFO] (Minecraft) Generating keypair
[00:44:31] [Server thread/INFO] (Minecraft) Preparing start region for dimension minecraft:overworld
[00:44:32] [Render thread/INFO] (Minecraft) Preparing spawn area: 0%
[00:44:32] [Render thread/INFO] (Minecraft) Time elapsed: 206 ms
[00:44:32] [Server thread/INFO] (Minecraft) Changing view distance to 12, from 10
[00:44:32] [Server thread/INFO] (Minecraft) Changing simulation distance to 12, from 0
[00:44:32] [Server thread/INFO] (Minecraft) Player302[local:E:d4f34358] logged in with entity id 15 at (-23.194959287643172, 38.1931296610923, -84.16278376130124)
[00:44:32] [Server thread/INFO] (Minecraft) Player302 joined the game
[00:44:33] [Render thread/INFO] (litematica) Using 3 total BufferAllocator caches
[00:44:33] [Render thread/INFO] (litematica) LitematicaSchematic: executing Vanilla DataFixer for Tile Entities DataVersion 3953 -> 4438
[00:44:33] [Render thread/INFO] (litematica) LitematicaSchematic: executing Vanilla DataFixer for Entities DataVersion 3953 -> 4438
[00:44:33] [Render thread/INFO] (litematica) LitematicaSchematic: executing Vanilla DataFixer for Block State Palette DataVersion 3953 -> 4438
[00:44:33] [Render thread/WARN] (Minecraft) Unable to read property: east with value: "false" for blockstate: {Name:"minecraft:cobblestone_wall",Properties:{east:"false",north:"false",south:"false",up:"false",west:"false"}}
[00:44:33] [Render thread/WARN] (Minecraft) Unable to read property: south with value: "false" for blockstate: {Name:"minecraft:cobblestone_wall",Properties:{east:"false",north:"false",south:"false",up:"false",west:"false"}}
[00:44:33] [Render thread/WARN] (Minecraft) Unable to read property: north with value: "false" for blockstate: {Name:"minecraft:cobblestone_wall",Properties:{east:"false",north:"false",south:"false",up:"false",west:"false"}}
[00:44:33] [Render thread/WARN] (Minecraft) Unable to read property: west with value: "false" for blockstate: {Name:"minecraft:cobblestone_wall",Properties:{east:"false",north:"false",south:"false",up:"false",west:"false"}}
[00:44:33] [Render thread/WARN] (Minecraft) Unable to read property: east with value: "false" for blockstate: {Name:"minecraft:mossy_cobblestone_wall",Properties:{east:"false",north:"false",south:"false",up:"false",west:"false"}}
[00:44:33] [Render thread/WARN] (Minecraft) Unable to read property: south with value: "false" for blockstate: {Name:"minecraft:mossy_cobblestone_wall",Properties:{east:"false",north:"false",south:"false",up:"false",west:"false"}}
[00:44:33] [Render thread/WARN] (Minecraft) Unable to read property: north with value: "false" for blockstate: {Name:"minecraft:mossy_cobblestone_wall",Properties:{east:"false",north:"false",south:"false",up:"false",west:"false"}}
[00:44:33] [Render thread/WARN] (Minecraft) Unable to read property: west with value: "false" for blockstate: {Name:"minecraft:mossy_cobblestone_wall",Properties:{east:"false",north:"false",south:"false",up:"false",west:"false"}}
[00:44:33] [Render thread/INFO] (Minecraft) Loaded 27 advancements
[00:44:34] [Render thread/INFO] (Minecraft) Resizing Dynamic Transforms UBO, capacity limit of 2 reached during a single frame. New capacity will be 4.
[00:44:34] [Render thread/INFO] (Minecraft) Resizing Dynamic Transforms UBO, capacity limit of 4 reached during a single frame. New capacity will be 8.
[00:44:34] [Render thread/INFO] (Minecraft) Resizing Dynamic Transforms UBO, capacity limit of 8 reached during a single frame. New capacity will be 16.
[00:44:34] [Render thread/INFO] (Minecraft) Resizing Dynamic Transforms UBO, capacity limit of 16 reached during a single frame. New capacity will be 512.
[00:44:34] [Render thread/WARN] (Minecraft) Received passengers for unknown entity
[00:44:34] [Render thread/INFO] (Minecraft) Resizing Dynamic Transforms UBO, capacity limit of 512 reached during a single frame. New capacity will be 1024.
[00:44:36] [Render thread/INFO] (Minecraft) [System] [CHAT] 已在位置 -21, 37, -87 添加高亮
[00:45:00] [Render thread/INFO] (Minecraft) [System] [CHAT] 已在位置 -21, 37, -87 添加高亮
[00:45:06] [Render thread/INFO] (Minecraft) [System] [CHAT] 已在位置 -21, 37, -87 添加高亮
[00:45:07] [Render thread/INFO] (Minecraft) [System] [CHAT] 已在位置 -21, 37, -87 添加高亮
[00:45:12] [Render thread/INFO] (Minecraft) [System] [CHAT] 已在位置 -21, 37, -87 添加高亮
[00:45:14] [Server thread/INFO] (Minecraft) Saving and pausing game...
[00:45:14] [Server thread/INFO] (Minecraft) Saving chunks for level 'ServerLevel[New World]'/minecraft:overworld
[00:45:14] [Server thread/INFO] (Minecraft) Saving chunks for level 'ServerLevel[New World]'/minecraft:the_nether
[00:45:14] [Server thread/INFO] (Minecraft) Saving chunks for level 'ServerLevel[New World]'/minecraft:the_end
[00:45:16] [Server thread/INFO] (Minecraft) Saving and pausing game...
[00:45:16] [Server thread/INFO] (Minecraft) Saving chunks for level 'ServerLevel[New World]'/minecraft:overworld
[00:45:16] [Server thread/INFO] (Minecraft) Saving chunks for level 'ServerLevel[New World]'/minecraft:the_nether
[00:45:16] [Server thread/INFO] (Minecraft) Saving chunks for level 'ServerLevel[New World]'/minecraft:the_end
[00:45:46] [Render thread/INFO] (Minecraft) [System] [CHAT] 已在位置 -21, 37, -87 添加高亮
[00:46:19] [Render thread/INFO] (Minecraft) Stopping!
[00:46:19] [Server thread/INFO] (Minecraft) Player302 lost connection: Disconnected
[00:46:19] [Server thread/INFO] (Minecraft) Player302 left the game
[00:46:19] [Server thread/INFO] (Minecraft) Stopping singleplayer server as player logged out
[00:46:19] [Server thread/INFO] (Minecraft) Stopping server
[00:46:19] [Server thread/INFO] (Minecraft) Saving players
[00:46:19] [Server thread/INFO] (Minecraft) Saving worlds
[00:46:19] [Server thread/INFO] (Minecraft) Saving chunks for level 'ServerLevel[New World]'/minecraft:overworld
[00:46:19] [Server thread/INFO] (Minecraft) Saving chunks for level 'ServerLevel[New World]'/minecraft:the_nether
[00:46:19] [Server thread/INFO] (Minecraft) Saving chunks for level 'ServerLevel[New World]'/minecraft:the_end
[00:46:19] [Server thread/INFO] (Minecraft) ThreadedAnvilChunkStorage (New World (1)): All chunks are saved
[00:46:19] [Server thread/INFO] (Minecraft) ThreadedAnvilChunkStorage (DIM-1): All chunks are saved
[00:46:19] [Server thread/INFO] (Minecraft) ThreadedAnvilChunkStorage (DIM1): All chunks are saved
[00:46:19] [Server thread/INFO] (Minecraft) ThreadedAnvilChunkStorage: All dimensions are saved
